// Jest Snapshot v1, https://goo.gl/fbAQLP

exports[`UserCard should render correctly 1`] = `
<DocumentFragment>
  <div
    class="shadow-lg flex flex-col w-56 user-card-style"
    data-testid="image-card"
  >
    <img
      class="image-component"
    />
    <div
      class="px-3 py-2"
    >
      <div
        class="text-xs mb-1"
      >
        FMNO: 
      </div>
      <div
        class="font-bold text-xl mb-1"
      />
      <div
        class="font-semibold text-xs mb-1"
      />
      <div
        class="font-medium text-xs mb-1 text-gray-500"
      />
    </div>
    <div
      class="link-button self-end text-xs mb-2 font-medium cursor-pointer"
    >
      Know More
      <svg
        class="inline-block mx-2 text-blue-800"
        fill="currentColor"
        height="1em"
        stroke="currentColor"
        stroke-width="0"
        viewBox="0 0 16 16"
        width="1em"
        xmlns="http://www.w3.org/2000/svg"
      >
        <path
          d="M1 8a.5.5 0 0 1 .5-.5h11.793l-3.147-3.146a.5.5 0 0 1 .708-.708l4 4a.5.5 0 0 1 0 .708l-4 4a.5.5 0 0 1-.708-.708L13.293 8.5H1.5A.5.5 0 0 1 1 8z"
          fill-rule="evenodd"
        />
      </svg>
    </div>
  </div>
</DocumentFragment>
`;
