// Jest Snapshot v1, https://goo.gl/fbAQLP

exports[`Button Component should render correctly 1`] = `
<DocumentFragment>
  <button
    class="button"
    data-testid="button"
  >
    search
  </button>
</DocumentFragment>
`;
