// Jest Snapshot v1, https://goo.gl/fbAQLP

exports[`Pagination control should render correctly 1`] = `
<DocumentFragment>
  <div
    class="relative min-h-[50px] py-4 flex w-full px-10 justify-center"
  >
    <div
      class="flex gap-12 items-center justify-center"
    >
      <svg
        class="hover:cursor-pointer"
        fill="currentColor"
        height="24"
        stroke="currentColor"
        stroke-width="0"
        viewBox="0 0 24 24"
        width="24"
        xmlns="http://www.w3.org/2000/svg"
      >
        <path
          d="M6,12.4 L18,12.4 M12.6,7 L18,12.4 L12.6,17.8"
          fill="none"
          stroke="#000"
          stroke-width="2"
          transform="matrix(-1 0 0 1 24 0)"
        />
      </svg>
      <input
        class="bg-gray-200 border p-1 w-12 text-center rounded-md text-sm "
        type="number"
        value="1"
      />
      <svg
        class="hover:cursor-pointer"
        fill="currentColor"
        height="24"
        stroke="currentColor"
        stroke-width="0"
        viewBox="0 0 24 24"
        width="24"
        xmlns="http://www.w3.org/2000/svg"
      >
        <path
          d="M6,12.4 L18,12.4 M12.6,7 L18,12.4 L12.6,17.8"
          fill="none"
          stroke="#000"
          stroke-width="2"
        />
      </svg>
    </div>
  </div>
</DocumentFragment>
`;

exports[`Pagination control should render correctly with props 1`] = `
<DocumentFragment>
  <div
    class="relative min-h-[50px] py-4 flex w-full px-10 justify-center"
  >
    <div
      class="flex gap-12 items-center justify-center"
    >
      <svg
        class="hover:cursor-pointer"
        fill="currentColor"
        height="24"
        stroke="currentColor"
        stroke-width="0"
        viewBox="0 0 24 24"
        width="24"
        xmlns="http://www.w3.org/2000/svg"
      >
        <path
          d="M6,12.4 L18,12.4 M12.6,7 L18,12.4 L12.6,17.8"
          fill="none"
          stroke="#000"
          stroke-width="2"
          transform="matrix(-1 0 0 1 24 0)"
        />
      </svg>
      <input
        class="bg-gray-200 border p-1 w-12 text-center rounded-md text-sm "
        type="number"
        value="1"
      />
      <svg
        class="hover:cursor-pointer"
        fill="currentColor"
        height="24"
        stroke="currentColor"
        stroke-width="0"
        viewBox="0 0 24 24"
        width="24"
        xmlns="http://www.w3.org/2000/svg"
      >
        <path
          d="M6,12.4 L18,12.4 M12.6,7 L18,12.4 L12.6,17.8"
          fill="none"
          stroke="#000"
          stroke-width="2"
        />
      </svg>
    </div>
  </div>
</DocumentFragment>
`;
