// Jest Snapshot v1, https://goo.gl/fbAQLP

exports[`CaseStudyCard should render correctly 1`] = `
<DocumentFragment>
  <div
    class="shadow-lg flex flex-col w-64 case-study-card-style"
    data-testid="image-card"
  >
    <img
      class="image-component"
    />
    <div
      class="px-3 py-1"
    >
      <div
        class="text-xs mb-1"
      />
      <div
        class="font-bold text-xl mb-1"
      />
      <div
        class="font-medium text-xs mb-1 text-gray-500"
      >
        by 
      </div>
    </div>
  </div>
</DocumentFragment>
`;
