// Jest Snapshot v1, https://goo.gl/fbAQLP

exports[`footer should render correctly 1`] = `
<DocumentFragment>
  <div
    class="footer"
  >
    <img
      alt="McKinsey and Company"
      class="footer-img"
      src="mckinsey-logo.png"
    />
  </div>
</DocumentFragment>
`;
