// Jest Snapshot v1, https://goo.gl/fbAQLP

exports[`Dropdown should render correctly 1`] = `
<DocumentFragment>
  <div
    class="w-44 font-normal h-80 m-16"
  >
    <div
      class="bg-white w-full p-2 flex justify-between items-center border-solid border border-black cursor-pointer"
    >
      technology
      <svg
        fill="currentColor"
        height="20"
        stroke="currentColor"
        stroke-width="0"
        viewBox="0 0 24 24"
        width="20"
        xmlns="http://www.w3.org/2000/svg"
      >
        <path
          d="M16.293 9.293 12 13.586 7.707 9.293l-1.414 1.414L12 16.414l5.707-5.707z"
        />
      </svg>
    </div>
    <ul
      class="bg-white mt-2 overflow-y-auto max-h-0"
    >
      <div
        class="flex items-center sticky top-0 h-10 bg-white"
      >
        <svg
          class="w-10"
          fill="currentColor"
          height="18"
          stroke="currentColor"
          stroke-width="0"
          viewBox="0 0 1024 1024"
          width="18"
          xmlns="http://www.w3.org/2000/svg"
        >
          <path
            d="M909.6 854.5L649.9 594.8C690.2 542.7 712 479 712 412c0-80.2-31.3-155.4-87.9-212.1-56.6-56.7-132-87.9-212.1-87.9s-155.5 31.3-212.1 87.9C143.2 256.5 112 331.8 112 412c0 80.1 31.3 155.5 87.9 212.1C256.5 680.8 331.8 712 412 712c67 0 130.6-21.8 182.7-62l259.7 259.6a8.2 8.2 0 0 0 11.6 0l43.6-43.5a8.2 8.2 0 0 0 0-11.6zM570.4 570.4C528 612.7 471.8 636 412 636s-116-23.3-158.4-65.6C211.3 528 188 471.8 188 412s23.3-116.1 65.6-158.4C296 211.3 352.2 188 412 188s116.1 23.2 158.4 65.6S636 352.2 636 412s-23.3 116.1-65.6 158.4z"
          />
        </svg>
        <input
          class="placeholder:text-gray-700 outline-none text-mg w-36 pr-2"
          placeholder="search"
          type="text"
          value=""
        />
      </div>
      <li
        class="p-2 text-sm hover:bg-gray-300 hover:text-white cursor-pointer
            block"
      >
        react
      </li>
      <li
        class="p-2 text-sm hover:bg-gray-300 hover:text-white cursor-pointer
            block"
      >
        nodejs
      </li>
      <li
        class="p-2 text-sm hover:bg-gray-300 hover:text-white cursor-pointer
            block"
      >
        express
      </li>
    </ul>
  </div>
</DocumentFragment>
`;
